..sss.................................................F................. [ 30%]
........................................................................ [ 61%]
........................................................................ [ 92%]
..................                                                       [100%]
=================================== FAILURES ===================================
_____________________ test_photo_creates_draft_and_receipt _____________________
tests/test_csbot.py:82: in test_photo_creates_draft_and_receipt
    assert json.loads(notes[0]['fields_json'])['价格'] == '80R'
E   AssertionError: assert '80R（照片识别，待确认）' == '80R'
E     
E     - 80R
E     + 80R（照片识别，待确认）
=============================== warnings summary ===============================
.venv/lib/python3.12/site-packages/fastapi/testclient.py:1
  /Users/a1/workSpace/Eryuan/dangkou-v2/.venv/lib/python3.12/site-packages/fastapi/testclient.py:1: StarletteDeprecationWarning: Using `httpx` with `starlette.testclient` is deprecated; install `httpx2` instead.
    from starlette.testclient import TestClient as TestClient  # noqa

.venv/lib/python3.12/site-packages/starlette/testclient.py:53
  /Users/a1/workSpace/Eryuan/dangkou-v2/.venv/lib/python3.12/site-packages/starlette/testclient.py:53: DeprecationWarning: The anyio.abc.BlockingPortal alias is deprecated, use anyio.from_thread.BlockingPortal instead.
    _PortalFactoryType = Callable[[], AbstractContextManager[anyio.abc.BlockingPortal]]

-- Docs: https://docs.pytest.org/en/stable/how-to/capture-warnings.html
=========================== short test summary info ============================
FAILED tests/test_csbot.py::test_photo_creates_draft_and_receipt - AssertionE...
1 failed, 230 passed, 3 skipped, 2 warnings in 7.38s
