...F......                                                               [100%]
=================================== FAILURES ===================================
__________ test_competing_shop_approvals_do_not_replace_newer_values ___________

env = (<sqlite3.Connection object at 0x10c7763e0>, <starlette.testclient.TestClient object at 0x10c8bd550>, <catalog.csbot.CsBot object at 0x10c8bee70>)

    def test_competing_shop_approvals_do_not_replace_newer_values(env):
        _,client,_=env
        first=client.patch('/shop',headers=auth(),json={'changes':{'shop_name':'甲'}}).json()
        second=client.patch('/shop',headers=auth(),json={'changes':{'shop_name':'乙'}}).json()
        assert client.post(f"/tickets/{first['ticket_id']}/decision",json={'token':first['token'],'approved':True}).status_code==200
>       assert client.post(f"/tickets/{second['ticket_id']}/decision",json={'token':second['token'],'approved':True}).status_code==409
E       AssertionError: assert 400 == 409
E        +  where 400 = <Response [400 Bad Request]>.status_code
E        +    where <Response [400 Bad Request]> = post('/tickets/2/decision', json={'token': 'B_shIgDnscZEPzfzLoQpvaMBTIZvQ384', 'approved': True})
E        +      where post = <starlette.testclient.TestClient object at 0x10c8bd550>.post

tests/test_shop_linkage.py:94: AssertionError
=============================== warnings summary ===============================
.venv/lib/python3.12/site-packages/fastapi/testclient.py:1
  /Users/a1/workSpace/Eryuan/dangkou-v2/.venv/lib/python3.12/site-packages/fastapi/testclient.py:1: StarletteDeprecationWarning: Using `httpx` with `starlette.testclient` is deprecated; install `httpx2` instead.
    from starlette.testclient import TestClient as TestClient  # noqa

.venv/lib/python3.12/site-packages/starlette/testclient.py:53
  /Users/a1/workSpace/Eryuan/dangkou-v2/.venv/lib/python3.12/site-packages/starlette/testclient.py:53: DeprecationWarning: The anyio.abc.BlockingPortal alias is deprecated, use anyio.from_thread.BlockingPortal instead.
    _PortalFactoryType = Callable[[], AbstractContextManager[anyio.abc.BlockingPortal]]

-- Docs: https://docs.pytest.org/en/stable/how-to/capture-warnings.html
=========================== short test summary info ============================
FAILED tests/test_shop_linkage.py::test_competing_shop_approvals_do_not_replace_newer_values
1 failed, 9 passed, 2 warnings in 0.39s
